13:18:15 **** Incremental Build of configuration Debug for project USB ****
make -j8 all 
arm-none-eabi-size  USB.elf 
   text	   data	    bss	    dec	    hex	filename
  27984	    268	   8708	  36960	   9060	USB.elf
Finished building: default.size.stdout
 
13:18:17 **** Incremental Build of configuration Debug for project USB ****
make -j8 all 
arm-none-eabi-size  USB.elf 
   text	   data	    bss	    dec	    hex	filename
  27984	    268	   8708	  36960	   9060	USB.elf
Finished building: default.size.stdout
 
